


ARM Macro Assembler    Page 1 


    1 00000000 400043FC 
                       PORTA_DATA
                               EQU              0x400043FC
    2 00000000         
    3 00000000                 AREA             routines, CODE, READONLY
    4 00000000                 THUMB
    5 00000000                 EXTERN           DELAY
    6 00000000                 EXTERN           TRANSMIT
    7 00000000                 EXPORT           LCD_INIT
    8 00000000         LCD_INIT
                               PROC
    9 00000000 B500            PUSH             {LR}
   10 00000002 4917            LDR              R1,=PORTA_DATA
   11 00000004 6808            LDR              R0, [R1]
   12 00000006 F020 0080       BIC              R0,#0x80
   13 0000000A 6008            STR              R0,[R1]
   14 0000000C F646 2000 
              F2C0 0018        MOV32            R0, #1600000 ;100MS DELAY   ;re
                                                            setting
   15 00000014 F7FF FFFE       BL               DELAY
   16 00000018 6808            LDR              R0, [R1]
   17 0000001A F040 0080       ORR              R0, #0X80
   18 0000001E 6008            STR              R0, [R1]
   19 00000020 6808            LDR              R0, [R1]
   20 00000022 F020 0040       BIC              R0, #0X40
   21 00000026 6008            STR              R0, [R1]
   22 00000028         
   23 00000028 F04F 0521       MOV              R5, #0X21
   24 0000002C F7FF FFFE       BL               TRANSMIT
   25 00000030 F04F 05C0       MOV              R5, #0XC0
   26 00000034 F7FF FFFE       BL               TRANSMIT
   27 00000038 F04F 0504       MOV              R5, #0x04
   28 0000003C F7FF FFFE       BL               TRANSMIT
   29 00000040 F04F 0513       MOV              R5, #0x13
   30 00000044 F7FF FFFE       BL               TRANSMIT
   31 00000048 F04F 0520       MOV              R5, #0X20
   32 0000004C F7FF FFFE       BL               TRANSMIT
   33 00000050 F04F 050C       MOV              R5, #0XC
   34 00000054 F7FF FFFE       BL               TRANSMIT
   35 00000058         
   36 00000058 F85D EB04       POP              {LR}
   37 0000005C 4770            BX               LR
   38 0000005E                 ENDP
   39 0000005E 00 00           ALIGN
   40 00000060                 END
              400043FC 
Command Line: --debug --xref --diag_suppress=9931 --cpu=Cortex-M4.fp --apcs=int
erwork --depend=.\objects\lcd_init.d -o.\objects\lcd_init.o -I.\RTE\_Target_1 -
IC:\Keil_v5\ARM\PACK\Keil\TM4C_DFP\1.1.0\Device\Include\TM4C123 -IC:\Keil_v5\AR
M\CMSIS\Include --predefine="__EVAL SETA 1" --predefine="__UVISION_VERSION SETA
 526" --predefine="TM4C123GH6PM SETA 1" --list=.\listings\lcd_init.lst LCD_INIT
.s



ARM Macro Assembler    Page 1 Alphabetic symbol ordering
Relocatable symbols

LCD_INIT 00000000

Symbol: LCD_INIT
   Definitions
      At line 8 in file LCD_INIT.s
   Uses
      At line 7 in file LCD_INIT.s
Comment: LCD_INIT used once
routines 00000000

Symbol: routines
   Definitions
      At line 3 in file LCD_INIT.s
   Uses
      None
Comment: routines unused
2 symbols



ARM Macro Assembler    Page 1 Alphabetic symbol ordering
Absolute symbols

PORTA_DATA 400043FC

Symbol: PORTA_DATA
   Definitions
      At line 1 in file LCD_INIT.s
   Uses
      At line 10 in file LCD_INIT.s
Comment: PORTA_DATA used once
1 symbol



ARM Macro Assembler    Page 1 Alphabetic symbol ordering
External symbols

DELAY 00000000

Symbol: DELAY
   Definitions
      At line 5 in file LCD_INIT.s
   Uses
      At line 15 in file LCD_INIT.s
Comment: DELAY used once
TRANSMIT 00000000

Symbol: TRANSMIT
   Definitions
      At line 6 in file LCD_INIT.s
   Uses
      At line 24 in file LCD_INIT.s
      At line 26 in file LCD_INIT.s
      At line 28 in file LCD_INIT.s
      At line 30 in file LCD_INIT.s
      At line 32 in file LCD_INIT.s
      At line 34 in file LCD_INIT.s

2 symbols
341 symbols in table
