


ARM Macro Assembler    Page 1 


    1 00000000         
    2 00000000 400043FC 
                       PORTA_DATA
                               EQU              0x400043FC
    3 00000000 40008008 
                       SSIDR   EQU              0X40008008
    4 00000000         
    5 00000000         
    6 00000000                 AREA             main, CODE, READONLY
    7 00000000                 THUMB
    8 00000000         
    9 00000000                 IMPORT           Init
   10 00000000                 IMPORT           DELAY
   11 00000000                 EXTERN           PRINT
   12 00000000                 EXPORT           __main
   13 00000000         
   14 00000000         __main
   15 00000000 F7FF FFFE       BL               Init
   16 00000004         
   17 00000004         loop
   18 00000004 4919            LDR              R1,=PORTA_DATA
   19 00000006 F04F 0008       MOV              R0,#0x08
   20 0000000A 6008            STR              R0,[R1]
   21 0000000C F646 2000 
              F2C0 0018        MOV32            R0, #1600000 ;100MS DELAY
   22 00000014 F7FF FFFE       BL               DELAY
   23 00000018 F04F 0080       MOV              R0, #0X80
   24 0000001C 6008            STR              R0, [R1]
   25 0000001E         
   26 0000001E F04F 0521       MOV              R5, #0X21
   27 00000022 F7FF FFFE       BL               PRINT
   28 00000026 F04F 0590       MOV              R5, #0X90
   29 0000002A F7FF FFFE       BL               PRINT
   30 0000002E F04F 0520       MOV              R5, #0X20
   31 00000032 F7FF FFFE       BL               PRINT
   32 00000036 F04F 050C       MOV              R5, #0XC
   33 0000003A F7FF FFFE       BL               PRINT
   34 0000003E         
   35 0000003E F04F 051F       MOV              R5, #0X1F
   36 00000042 F7FF FFFE       BL               PRINT
   37 00000046 F04F 0040       MOV              R0, #0X40
   38 0000004A 6008            STR              R0, [R1]
   39 0000004C F04F 0505       MOV              R5, #0X05
   40 00000050 F7FF FFFE       BL               PRINT
   41 00000054 F04F 0407       MOV              R4, #0X7
   42 00000058 F7FF FFFE       BL               PRINT
   43 0000005C F04F 0400       MOV              R4, #0X0
   44 00000060 F7FF FFFE       BL               PRINT
   45 00000064 F04F 041F       MOV              R4, #0X1F
   46 00000068 F7FF FFFE       BL               PRINT
   47 0000006C         
   48 0000006C                 ALIGN
   49 0000006C                 END
              400043FC 
Command Line: --debug --xref --diag_suppress=9931 --cpu=Cortex-M4.fp --apcs=int
erwork --depend=.\objects\__main.d -o.\objects\__main.o -I.\RTE\_Target_1 -IC:\
Keil_v5\ARM\PACK\Keil\TM4C_DFP\1.1.0\Device\Include\TM4C123 -IC:\Keil_v5\ARM\CM
SIS\Include --predefine="__EVAL SETA 1" --predefine="__UVISION_VERSION SETA 526
" --predefine="TM4C123GH6PM SETA 1" --list=.\listings\__main.lst __main.s



ARM Macro Assembler    Page 1 Alphabetic symbol ordering
Relocatable symbols

__main 00000000

Symbol: __main
   Definitions
      At line 14 in file __main.s
   Uses
      At line 12 in file __main.s
Comment: __main used once
loop 00000004

Symbol: loop
   Definitions
      At line 17 in file __main.s
   Uses
      None
Comment: loop unused
main 00000000

Symbol: main
   Definitions
      At line 6 in file __main.s
   Uses
      None
Comment: main unused
3 symbols



ARM Macro Assembler    Page 1 Alphabetic symbol ordering
Absolute symbols

PORTA_DATA 400043FC

Symbol: PORTA_DATA
   Definitions
      At line 2 in file __main.s
   Uses
      At line 18 in file __main.s
Comment: PORTA_DATA used once
SSIDR 40008008

Symbol: SSIDR
   Definitions
      At line 3 in file __main.s
   Uses
      None
Comment: SSIDR unused
2 symbols



ARM Macro Assembler    Page 1 Alphabetic symbol ordering
External symbols

DELAY 00000000

Symbol: DELAY
   Definitions
      At line 10 in file __main.s
   Uses
      At line 22 in file __main.s
Comment: DELAY used once
Init 00000000

Symbol: Init
   Definitions
      At line 9 in file __main.s
   Uses
      At line 15 in file __main.s
Comment: Init used once
PRINT 00000000

Symbol: PRINT
   Definitions
      At line 11 in file __main.s
   Uses
      At line 27 in file __main.s
      At line 29 in file __main.s
      At line 31 in file __main.s
      At line 33 in file __main.s
      At line 36 in file __main.s
      At line 40 in file __main.s
      At line 42 in file __main.s
      At line 44 in file __main.s
      At line 46 in file __main.s

3 symbols
344 symbols in table
