


ARM Macro Assembler    Page 1 


    1 00000000 400043FC 
                       PORTA_DATA
                               EQU              0x400043FC
    2 00000000         
    3 00000000         
    4 00000000                 AREA             routines, CODE, READONLY
    5 00000000                 THUMB
    6 00000000                 EXTERN           TRANSMIT
    7 00000000                 EXPORT           BATTLESHIP
    8 00000000         
    9 00000000         ;;;;;;;;;;;;;;;;;;;;;;;;;;;;;;;;;;;;;;;;;;;;
   10 00000000         ;;;;;; BATTLESHIP BEGINNING
   11 00000000         ;;;;;;;;;;;;;;;;;;;;;;;;;;;;;;;;;;;;;;;;;;;;   
   12 00000000         BATTLESHIP
   13 00000000 E92D 5FFF       PUSH{R0-R12,     LR}
   14 00000004 F851 2B01       LDR              R2, [R1], #1
   15 00000008 F851 4B01       LDR              R4, [R1], #1
   16 0000000C F8D1 C000       LDR              R12, [R1]
   17 00000010 F04F 0641       MOV              R6, #0X41
   18 00000014 F10C 0C02       ADD              R12, #2
   19 00000018 F04F 09C0       MOV              R9, #0XC0
   20 0000001C F04F 0AC4       MOV              R10, #0XC4
   21 00000020 F04F 043E       MOV              R4, #0X3E
   22 00000024 F04F 073F       MOV              R7, #0X3F
   23 00000028 F102 0203       ADD              R2, #3
   24 0000002C         LOOP
   25 0000002C 4928            LDR              R1,=PORTA_DATA
   26 0000002E 6808            LDR              R0,[R1]
   27 00000030 F020 0040       BIC              R0,#0x40
   28 00000034 6008            STR              R0,[R1]
   29 00000036         
   30 00000036 4615            MOV              R5, R2
   31 00000038 F7FF FFFE       BL               TRANSMIT
   32 0000003C 4635            MOV              R5, R6
   33 0000003E F7FF FFFE       BL               TRANSMIT
   34 00000042         
   35 00000042 4923            LDR              R1,=PORTA_DATA
   36 00000044 6808            LDR              R0,[R1]
   37 00000046 F040 0040       ORR              R0,#0x40
   38 0000004A 6008            STR              R0,[R1]
   39 0000004C         
   40 0000004C 2E41            CMP              R6, #0X41
   41 0000004E BF01 FA09 
              F90C             LSLEQ            R9, R12
   42 00000054 FA0A FA0C       LSLEQ            R10, R12
   43 00000058 FA04 F40C       LSLEQ            R4, R12
   44 0000005C FA07 F70C       LSLEQ            R7, R12
   45 00000060 D019            BEQ              WORK
   46 00000062 2E42            CMP              R6, #0X42
   47 00000064 BF01 FA99 
              F999             REV16EQ          R9, R9
   48 0000006A FA9A FA9A       REV16EQ          R10, R10
   49 0000006E BA64            REV16EQ          R4, R4
   50 00000070 BA7F            REV16EQ          R7, R7
   51 00000072 D010            BEQ              WORK
   52 00000074 2E43            CMP              R6, #0X43
   53 00000076 BF01 FA99 
              F989             REVEQ            R9, R9
   54 0000007C FA9A FA8A       REVEQ            R10, R10



ARM Macro Assembler    Page 2 


   55 00000080 BA24            REVEQ            R4, R4
   56 00000082 BA3F            REVEQ            R7, R7
   57 00000084 D007            BEQ              WORK
   58 00000086 2E44            CMP              R6, #0X44
   59 00000088 BF01 FA99 
              F999             REV16EQ          R9, R9
   60 0000008E FA9A FA9A       REV16EQ          R10, R10
   61 00000092 BA64            REV16EQ          R4, R4
   62 00000094 BA7F            REV16EQ          R7, R7
   63 00000096         WORK
   64 00000096 464D            MOV              R5, R9
   65 00000098 F7FF FFFE       BL               TRANSMIT
   66 0000009C 4655            MOV              R5, R10
   67 0000009E F7FF FFFE       BL               TRANSMIT
   68 000000A2 4625            MOV              R5, R4
   69 000000A4 F7FF FFFE       BL               TRANSMIT
   70 000000A8 463D            MOV              R5, R7
   71 000000AA F7FF FFFE       BL               TRANSMIT
   72 000000AE 4625            MOV              R5, R4
   73 000000B0 F7FF FFFE       BL               TRANSMIT
   74 000000B4 4655            MOV              R5, R10
   75 000000B6 F7FF FFFE       BL               TRANSMIT
   76 000000BA 464D            MOV              R5, R9
   77 000000BC F7FF FFFE       BL               TRANSMIT
   78 000000C0 F106 0601       ADD              R6, #1
   79 000000C4 2E45            CMP              R6, #0X45
   80 000000C6 D1B1            BNE              LOOP
   81 000000C8 E8BD 5FFF       POP{R0-R12,      LR}
   82 000000CC 4770            BX               LR
   83 000000CE         ;;;;;;;;;;;;;;;;;;;;;;;;;;;;;;;;;;;;;;;;;;;;
   84 000000CE         ;;;;;; BATTLESHIP FINISH
   85 000000CE         ;;;;;;;;;;;;;;;;;;;;;;;;;;;;;;;;;;;;;;;;;;;; 
   86 000000CE 00 00           ALIGN
   87 000000D0                 END
              400043FC 
Command Line: --debug --xref --diag_suppress=9931 --cpu=Cortex-M4.fp --apcs=int
erwork --depend=.\objects\battleship.d -o.\objects\battleship.o -I.\RTE\_Target
_1 -IC:\Keil_v5\ARM\PACK\Keil\TM4C_DFP\1.1.0\Device\Include\TM4C123 -IC:\Keil_v
5\ARM\CMSIS\Include --predefine="__EVAL SETA 1" --predefine="__UVISION_VERSION 
SETA 526" --predefine="TM4C123GH6PM SETA 1" --list=.\listings\battleship.lst BA
TTLESHIP.s



ARM Macro Assembler    Page 1 Alphabetic symbol ordering
Relocatable symbols

BATTLESHIP 00000000

Symbol: BATTLESHIP
   Definitions
      At line 12 in file BATTLESHIP.s
   Uses
      At line 7 in file BATTLESHIP.s
Comment: BATTLESHIP used once
LOOP 0000002C

Symbol: LOOP
   Definitions
      At line 24 in file BATTLESHIP.s
   Uses
      At line 80 in file BATTLESHIP.s
Comment: LOOP used once
WORK 00000096

Symbol: WORK
   Definitions
      At line 63 in file BATTLESHIP.s
   Uses
      At line 45 in file BATTLESHIP.s
      At line 51 in file BATTLESHIP.s
      At line 57 in file BATTLESHIP.s

routines 00000000

Symbol: routines
   Definitions
      At line 4 in file BATTLESHIP.s
   Uses
      None
Comment: routines unused
4 symbols



ARM Macro Assembler    Page 1 Alphabetic symbol ordering
Absolute symbols

PORTA_DATA 400043FC

Symbol: PORTA_DATA
   Definitions
      At line 1 in file BATTLESHIP.s
   Uses
      At line 25 in file BATTLESHIP.s
      At line 35 in file BATTLESHIP.s

1 symbol



ARM Macro Assembler    Page 1 Alphabetic symbol ordering
External symbols

TRANSMIT 00000000

Symbol: TRANSMIT
   Definitions
      At line 6 in file BATTLESHIP.s
   Uses
      At line 31 in file BATTLESHIP.s
      At line 33 in file BATTLESHIP.s
      At line 65 in file BATTLESHIP.s
      At line 67 in file BATTLESHIP.s
      At line 69 in file BATTLESHIP.s
      At line 71 in file BATTLESHIP.s
      At line 73 in file BATTLESHIP.s
      At line 75 in file BATTLESHIP.s
      At line 77 in file BATTLESHIP.s

1 symbol
342 symbols in table
