


ARM Macro Assembler    Page 1 


    1 00000000 400043FC 
                       PORTA_DATA
                               EQU              0x400043FC
    2 00000000         
    3 00000000         
    4 00000000                 AREA             routines, CODE, READONLY
    5 00000000                 THUMB
    6 00000000                 EXTERN           TRANSMIT
    7 00000000                 EXPORT           BATTLESHIP
    8 00000000         
    9 00000000         ;;;;;;;;;;;;;;;;;;;;;;;;;;;;;;;;;;;;;;;;;;;;
   10 00000000         ;;;;;; BATTLESHIP BEGINNING
   11 00000000         ;;;;;;;;;;;;;;;;;;;;;;;;;;;;;;;;;;;;;;;;;;;;   
   12 00000000         BATTLESHIP
   13 00000000         
   14 00000000 E92D 41DF       PUSH{R0,         R1, R2, R3, R4, R6, R7, R8, LR}
   15 00000004         
   16 00000004 4948            LDR              R1,=PORTA_DATA
   17 00000006 6808            LDR              R0,[R1]
   18 00000008 F020 0040       BIC              R0,#0x40
   19 0000000C 6008            STR              R0,[R1]
   20 0000000E F103 0303       ADD              R3, #3
   21 00000012 461D            MOV              R5, R3
   22 00000014 F7FF FFFE       BL               TRANSMIT
   23 00000018 F04F 0541       MOV              R5, #0x41
   24 0000001C F7FF FFFE       BL               TRANSMIT
   25 00000020         
   26 00000020 4941            LDR              R1,=PORTA_DATA
   27 00000022 6808            LDR              R0,[R1]
   28 00000024 F040 0040       ORR              R0,#0x40
   29 00000028 6008            STR              R0,[R1]
   30 0000002A         
   31 0000002A F108 0801       ADD              R8, #1
   32 0000002E F04F 02C0       MOV              R2, #0XC0
   33 00000032 F04F 04C4       MOV              R4, #0XC4
   34 00000036 F04F 063E       MOV              R6, #0X3E
   35 0000003A F04F 073F       MOV              R7, #0X3F
   36 0000003E FA02 F208       LSL              R2, R8
   37 00000042 FA04 F408       LSL              R4, R8
   38 00000046 FA06 F608       LSL              R6, R8
   39 0000004A FA07 F708       LSL              R7, R8
   40 0000004E         
   41 0000004E         
   42 0000004E 4615            MOV              R5, R2
   43 00000050 F7FF FFFE       BL               TRANSMIT
   44 00000054 4625            MOV              R5, R4
   45 00000056 F7FF FFFE       BL               TRANSMIT
   46 0000005A 4635            MOV              R5, R6
   47 0000005C F7FF FFFE       BL               TRANSMIT
   48 00000060 463D            MOV              R5, R7
   49 00000062 F7FF FFFE       BL               TRANSMIT
   50 00000066 4635            MOV              R5, R6
   51 00000068 F7FF FFFE       BL               TRANSMIT
   52 0000006C 4625            MOV              R5, R4
   53 0000006E F7FF FFFE       BL               TRANSMIT
   54 00000072 4615            MOV              R5, R2
   55 00000074 F7FF FFFE       BL               TRANSMIT
   56 00000078         
   57 00000078         



ARM Macro Assembler    Page 2 


   58 00000078 492B            LDR              R1,=PORTA_DATA
   59 0000007A 6808            LDR              R0,[R1]
   60 0000007C F020 0040       BIC              R0,#0x40
   61 00000080 6008            STR              R0,[R1]
   62 00000082         
   63 00000082 461D            MOV              R5, R3
   64 00000084 F7FF FFFE       BL               TRANSMIT
   65 00000088 F04F 0542       MOV              R5, #0x42
   66 0000008C F7FF FFFE       BL               TRANSMIT
   67 00000090         
   68 00000090 4925            LDR              R1,=PORTA_DATA
   69 00000092 6808            LDR              R0,[R1]
   70 00000094 F040 0040       ORR              R0,#0x40
   71 00000098 6008            STR              R0,[R1]
   72 0000009A         
   73 0000009A BA52            REV16            R2, R2
   74 0000009C BA64            REV16            R4, R4
   75 0000009E BA76            REV16            R6, R6
   76 000000A0 BA7F            REV16            R7, R7
   77 000000A2         
   78 000000A2 4615            MOV              R5, R2
   79 000000A4 F7FF FFFE       BL               TRANSMIT
   80 000000A8 4625            MOV              R5, R4
   81 000000AA F7FF FFFE       BL               TRANSMIT
   82 000000AE 4635            MOV              R5, R6
   83 000000B0 F7FF FFFE       BL               TRANSMIT
   84 000000B4 463D            MOV              R5, R7
   85 000000B6 F7FF FFFE       BL               TRANSMIT
   86 000000BA 4635            MOV              R5, R6
   87 000000BC F7FF FFFE       BL               TRANSMIT
   88 000000C0 4625            MOV              R5, R4
   89 000000C2 F7FF FFFE       BL               TRANSMIT
   90 000000C6 4615            MOV              R5, R2
   91 000000C8 F7FF FFFE       BL               TRANSMIT
   92 000000CC         
   93 000000CC 4916            LDR              R1,=PORTA_DATA
   94 000000CE 6808            LDR              R0,[R1]
   95 000000D0 F020 0040       BIC              R0,#0x40
   96 000000D4 6008            STR              R0,[R1]
   97 000000D6         
   98 000000D6 461D            MOV              R5, R3
   99 000000D8 F7FF FFFE       BL               TRANSMIT
  100 000000DC F04F 0543       MOV              R5, #0x43
  101 000000E0 F7FF FFFE       BL               TRANSMIT
  102 000000E4         
  103 000000E4 4910            LDR              R1,=PORTA_DATA
  104 000000E6 6808            LDR              R0,[R1]
  105 000000E8 F040 0040       ORR              R0,#0x40
  106 000000EC 6008            STR              R0,[R1]
  107 000000EE         
  108 000000EE BA12            REV              R2, R2
  109 000000F0 BA24            REV              R4, R4
  110 000000F2 BA36            REV              R6, R6
  111 000000F4 BA3F            REV              R7, R7
  112 000000F6 4615            MOV              R5, R2
  113 000000F8 F7FF FFFE       BL               TRANSMIT
  114 000000FC 4625            MOV              R5, R4
  115 000000FE F7FF FFFE       BL               TRANSMIT
  116 00000102 4635            MOV              R5, R6



ARM Macro Assembler    Page 3 


  117 00000104 F7FF FFFE       BL               TRANSMIT
  118 00000108 463D            MOV              R5, R7
  119 0000010A F7FF FFFE       BL               TRANSMIT
  120 0000010E 4635            MOV              R5, R6
  121 00000110 F7FF FFFE       BL               TRANSMIT
  122 00000114 4625            MOV              R5, R4
  123 00000116 F7FF FFFE       BL               TRANSMIT
  124 0000011A 4615            MOV              R5, R2
  125 0000011C F7FF FFFE       BL               TRANSMIT
  126 00000120 E8BD 41DF       POP{R0,          R1, R2, R3, R4, R6, R7, R8, LR}
  127 00000124 4770            BX               LR
  128 00000126         ;;;;;;;;;;;;;;;;;;;;;;;;;;;;;;;;;;;;;;;;;;;;
  129 00000126         ;;;;;; BATTLESHIP FINISH
  130 00000126         ;;;;;;;;;;;;;;;;;;;;;;;;;;;;;;;;;;;;;;;;;;;;    
  131 00000126                 END
              00 00 400043FC 
Command Line: --debug --xref --diag_suppress=9931 --cpu=Cortex-M4.fp --apcs=int
erwork --depend=.\objects\battleship.d -o.\objects\battleship.o -I.\RTE\_Target
_1 -IC:\Keil_v5\ARM\PACK\Keil\TM4C_DFP\1.1.0\Device\Include\TM4C123 -IC:\Keil_v
5\ARM\CMSIS\Include --predefine="__EVAL SETA 1" --predefine="__UVISION_VERSION 
SETA 526" --predefine="TM4C123GH6PM SETA 1" --list=.\listings\battleship.lst BA
TTLESHIP.s



ARM Macro Assembler    Page 1 Alphabetic symbol ordering
Relocatable symbols

BATTLESHIP 00000000

Symbol: BATTLESHIP
   Definitions
      At line 12 in file BATTLESHIP.s
   Uses
      At line 7 in file BATTLESHIP.s
Comment: BATTLESHIP used once
routines 00000000

Symbol: routines
   Definitions
      At line 4 in file BATTLESHIP.s
   Uses
      None
Comment: routines unused
2 symbols



ARM Macro Assembler    Page 1 Alphabetic symbol ordering
Absolute symbols

PORTA_DATA 400043FC

Symbol: PORTA_DATA
   Definitions
      At line 1 in file BATTLESHIP.s
   Uses
      At line 16 in file BATTLESHIP.s
      At line 26 in file BATTLESHIP.s
      At line 58 in file BATTLESHIP.s
      At line 68 in file BATTLESHIP.s
      At line 93 in file BATTLESHIP.s
      At line 103 in file BATTLESHIP.s

1 symbol



ARM Macro Assembler    Page 1 Alphabetic symbol ordering
External symbols

TRANSMIT 00000000

Symbol: TRANSMIT
   Definitions
      At line 6 in file BATTLESHIP.s
   Uses
      At line 22 in file BATTLESHIP.s
      At line 24 in file BATTLESHIP.s
      At line 43 in file BATTLESHIP.s
      At line 45 in file BATTLESHIP.s
      At line 47 in file BATTLESHIP.s
      At line 49 in file BATTLESHIP.s
      At line 51 in file BATTLESHIP.s
      At line 53 in file BATTLESHIP.s
      At line 55 in file BATTLESHIP.s
      At line 64 in file BATTLESHIP.s
      At line 66 in file BATTLESHIP.s
      At line 79 in file BATTLESHIP.s
      At line 81 in file BATTLESHIP.s
      At line 83 in file BATTLESHIP.s
      At line 85 in file BATTLESHIP.s
      At line 87 in file BATTLESHIP.s
      At line 89 in file BATTLESHIP.s
      At line 91 in file BATTLESHIP.s
      At line 99 in file BATTLESHIP.s
      At line 101 in file BATTLESHIP.s
      At line 113 in file BATTLESHIP.s
      At line 115 in file BATTLESHIP.s
      At line 117 in file BATTLESHIP.s
      At line 119 in file BATTLESHIP.s
      At line 121 in file BATTLESHIP.s
      At line 123 in file BATTLESHIP.s
      At line 125 in file BATTLESHIP.s

1 symbol
340 symbols in table
