


ARM Macro Assembler    Page 1 


    1 00000000 400043FC 
                       PORTA_DATA
                               EQU              0x400043FC
    2 00000000         
    3 00000000         
    4 00000000                 AREA             routines, CODE, READONLY
    5 00000000                 THUMB
    6 00000000                 EXTERN           TRANSMIT
    7 00000000                 EXPORT           CIVILIAN
    8 00000000         
    9 00000000         ;;;;;;;;;;;;;;;;;;;;;;;;;;;;;;;;;;;;;;;;;;;;
   10 00000000         ;;;;;; CIVILIAN BEGINNING
   11 00000000         ;;;;;;;;;;;;;;;;;;;;;;;;;;;;;;;;;;;;;;;;;;;;
   12 00000000         CIVILIAN
   13 00000000 B51B            PUSH{R0,         R1, R3, R4, LR}
   14 00000002         ;   LDR R1,=PORTA_DATA
   15 00000002         ;   LDR R0,[R1]
   16 00000002         ;   BIC R0,#0x40    
   17 00000002         ;   STR R0,[R1]
   18 00000002         ;   ADD R3, #4
   19 00000002         ;   MOV R5, R3
   20 00000002         ;   BL TRANSMIT
   21 00000002         ;   ADD R4, #1
   22 00000002         ;   MOV R5, R4
   23 00000002         ;   BL TRANSMIT
   24 00000002         ;   
   25 00000002         ;   LDR R1,=PORTA_DATA
   26 00000002         ;   LDR R0,[R1]
   27 00000002         ;   ORR R0,#0x40    
   28 00000002         ;   STR R0,[R1]
   29 00000002         
   30 00000002 F04F 0520       MOV              R5, #0X20
   31 00000006 F7FF FFFE       BL               TRANSMIT
   32 0000000A F04F 0564       MOV              R5, #0X64
   33 0000000E F7FF FFFE       BL               TRANSMIT
   34 00000012 F04F 05E6       MOV              R5, #0XE6
   35 00000016 F7FF FFFE       BL               TRANSMIT
   36 0000001A F04F 05FF       MOV              R5, #0XFF
   37 0000001E F7FF FFFE       BL               TRANSMIT
   38 00000022 F04F 05E6       MOV              R5, #0XE6
   39 00000026 F7FF FFFE       BL               TRANSMIT
   40 0000002A F04F 0564       MOV              R5, #0X64
   41 0000002E F7FF FFFE       BL               TRANSMIT
   42 00000032 F04F 0520       MOV              R5, #0X20
   43 00000036 F7FF FFFE       BL               TRANSMIT
   44 0000003A E8BD 401B       POP{R0,          R1, R3, R4, LR}
   45 0000003E 4770            BX               LR
   46 00000040                 END
Command Line: --debug --xref --diag_suppress=9931 --cpu=Cortex-M4.fp --apcs=int
erwork --depend=.\objects\civilian.d -o.\objects\civilian.o -I.\RTE\_Target_1 -
IC:\Keil_v5\ARM\PACK\Keil\TM4C_DFP\1.1.0\Device\Include\TM4C123 -IC:\Keil_v5\AR
M\CMSIS\Include --predefine="__EVAL SETA 1" --predefine="__UVISION_VERSION SETA
 526" --predefine="TM4C123GH6PM SETA 1" --list=.\listings\civilian.lst CIVILIAN
.s



ARM Macro Assembler    Page 1 Alphabetic symbol ordering
Relocatable symbols

CIVILIAN 00000000

Symbol: CIVILIAN
   Definitions
      At line 12 in file CIVILIAN.s
   Uses
      At line 7 in file CIVILIAN.s
Comment: CIVILIAN used once
routines 00000000

Symbol: routines
   Definitions
      At line 4 in file CIVILIAN.s
   Uses
      None
Comment: routines unused
2 symbols



ARM Macro Assembler    Page 1 Alphabetic symbol ordering
Absolute symbols

PORTA_DATA 400043FC

Symbol: PORTA_DATA
   Definitions
      At line 1 in file CIVILIAN.s
   Uses
      None
Comment: PORTA_DATA unused
1 symbol



ARM Macro Assembler    Page 1 Alphabetic symbol ordering
External symbols

TRANSMIT 00000000

Symbol: TRANSMIT
   Definitions
      At line 6 in file CIVILIAN.s
   Uses
      At line 31 in file CIVILIAN.s
      At line 33 in file CIVILIAN.s
      At line 35 in file CIVILIAN.s
      At line 37 in file CIVILIAN.s
      At line 39 in file CIVILIAN.s
      At line 41 in file CIVILIAN.s
      At line 43 in file CIVILIAN.s

1 symbol
338 symbols in table
