


ARM Macro Assembler    Page 1 


    1 00000000 4000800C 
                       SSISR   EQU              0X4000800C
    2 00000000 40008008 
                       SSIDR   EQU              0X40008008
    3 00000000                 AREA             routines, CODE, READONLY
    4 00000000                 THUMB
    5 00000000                 EXPORT           PRINT
    6 00000000         
    7 00000000         PRINT   PROC
    8 00000000 4906            LDR              R1, =SSISR
    9 00000002 6808    START   LDR              R0, [R1]
   10 00000004 F010 0003       ANDS             R0, R0, #0X3
   11 00000008 D0FB            BEQ              START
   12 0000000A 4905            LDR              R1, =SSIDR
   13 0000000C 600D            STR              R5, [R1]
   14 0000000E 4903            LDR              R1, =SSISR
   15 00000010 6808    CHECK   LDR              R0, [R1]
   16 00000012 F010 0011       ANDS             R0, R0, #0X11
   17 00000016 D1FB            BNE              CHECK
   18 00000018 4770            BX               LR
   19 0000001A                 ENDP
   20 0000001A 00 00           ALIGN
   21 0000001C                 END
              4000800C 
              40008008 
Command Line: --debug --xref --diag_suppress=9931 --cpu=Cortex-M4.fp --apcs=int
erwork --depend=.\objects\print.d -o.\objects\print.o -I.\RTE\_Target_1 -IC:\Ke
il_v5\ARM\PACK\Keil\TM4C_DFP\1.1.0\Device\Include\TM4C123 -IC:\Keil_v5\ARM\CMSI
S\Include --predefine="__EVAL SETA 1" --predefine="__UVISION_VERSION SETA 526" 
--predefine="TM4C123GH6PM SETA 1" --list=.\listings\print.lst PRINT.s



ARM Macro Assembler    Page 1 Alphabetic symbol ordering
Relocatable symbols

CHECK 00000010

Symbol: CHECK
   Definitions
      At line 15 in file PRINT.s
   Uses
      At line 17 in file PRINT.s
Comment: CHECK used once
PRINT 00000000

Symbol: PRINT
   Definitions
      At line 7 in file PRINT.s
   Uses
      At line 5 in file PRINT.s
Comment: PRINT used once
START 00000002

Symbol: START
   Definitions
      At line 9 in file PRINT.s
   Uses
      At line 11 in file PRINT.s
Comment: START used once
routines 00000000

Symbol: routines
   Definitions
      At line 3 in file PRINT.s
   Uses
      None
Comment: routines unused
4 symbols



ARM Macro Assembler    Page 1 Alphabetic symbol ordering
Absolute symbols

SSIDR 40008008

Symbol: SSIDR
   Definitions
      At line 2 in file PRINT.s
   Uses
      At line 12 in file PRINT.s
Comment: SSIDR used once
SSISR 4000800C

Symbol: SSISR
   Definitions
      At line 1 in file PRINT.s
   Uses
      At line 8 in file PRINT.s
      At line 14 in file PRINT.s

2 symbols
342 symbols in table
