


ARM Macro Assembler    Page 1 


    1 00000000 4000800C 
                       SSISR   EQU              0X4000800C
    2 00000000 40008008 
                       SSIDR   EQU              0X40008008
    3 00000000                 AREA             routines, CODE, READONLY
    4 00000000                 THUMB
    5 00000000                 EXPORT           TRANSMIT
    6 00000000         
    7 00000000         TRANSMIT
                               PROC
    8 00000000 B403            PUSH             {R0, R1}
    9 00000002 4909            LDR              R1, =SSISR
   10 00000004 6808    START   LDR              R0, [R1]
   11 00000006 F010 0002       ANDS             R0, R0, #0X2
   12 0000000A D0FB            BEQ              START
   13 0000000C         
   14 0000000C 6808    BUSY    LDR              R0, [R1]
   15 0000000E F010 0010       ANDS             R0, R0, #0X10
   16 00000012 D1FB            BNE              BUSY
   17 00000014         
   18 00000014 4905            LDR              R1, =SSIDR
   19 00000016 600D            STR              R5, [R1]
   20 00000018         
   21 00000018 4903            LDR              R1, =SSISR
   22 0000001A 6808    CHECK   LDR              R0, [R1]
   23 0000001C F010 0010       ANDS             R0, R0, #0X10
   24 00000020 D1FB            BNE              CHECK
   25 00000022 BC03            POP              {R0, R1}
   26 00000024 4770            BX               LR
   27 00000026         
   28 00000026         
   29 00000026                 ENDP
   30 00000026 00 00           ALIGN
   31 00000028                 END
              4000800C 
              40008008 
Command Line: --debug --xref --diag_suppress=9931 --cpu=Cortex-M4.fp --apcs=int
erwork --depend=.\objects\print.d -o.\objects\print.o -I.\RTE\_Target_1 -IC:\Ke
il_v5\ARM\PACK\Keil\TM4C_DFP\1.1.0\Device\Include\TM4C123 -IC:\Keil_v5\ARM\CMSI
S\Include --predefine="__EVAL SETA 1" --predefine="__UVISION_VERSION SETA 526" 
--predefine="TM4C123GH6PM SETA 1" --list=.\listings\print.lst PRINT.s



ARM Macro Assembler    Page 1 Alphabetic symbol ordering
Relocatable symbols

BUSY 0000000C

Symbol: BUSY
   Definitions
      At line 14 in file PRINT.s
   Uses
      At line 16 in file PRINT.s
Comment: BUSY used once
CHECK 0000001A

Symbol: CHECK
   Definitions
      At line 22 in file PRINT.s
   Uses
      At line 24 in file PRINT.s
Comment: CHECK used once
START 00000004

Symbol: START
   Definitions
      At line 10 in file PRINT.s
   Uses
      At line 12 in file PRINT.s
Comment: START used once
TRANSMIT 00000000

Symbol: TRANSMIT
   Definitions
      At line 7 in file PRINT.s
   Uses
      At line 5 in file PRINT.s
Comment: TRANSMIT used once
routines 00000000

Symbol: routines
   Definitions
      At line 3 in file PRINT.s
   Uses
      None
Comment: routines unused
5 symbols



ARM Macro Assembler    Page 1 Alphabetic symbol ordering
Absolute symbols

SSIDR 40008008

Symbol: SSIDR
   Definitions
      At line 2 in file PRINT.s
   Uses
      At line 18 in file PRINT.s
Comment: SSIDR used once
SSISR 4000800C

Symbol: SSISR
   Definitions
      At line 1 in file PRINT.s
   Uses
      At line 9 in file PRINT.s
      At line 21 in file PRINT.s

2 symbols
343 symbols in table
