


ARM Macro Assembler    Page 1 


    1 00000000 400FE604 
                       SYSCTL_RCGCTIMER
                               EQU              0x400FE604  ; GPTM Gate Control
                                                            
    2 00000000         ;Nested Vector Interrupt Controller registers
    3 00000000 00080000 
                       NVIC_EN0_INT19
                               EQU              0x00080000  ; Interrupt 19 enab
                                                            le
    4 00000000 E000E100 
                       NVIC_EN0
                               EQU              0xE000E100  ; IRQ 0 to 31 Set E
                                                            nable Register
    5 00000000 E000E410 
                       NVIC_PRI4
                               EQU              0xE000E410  ; IRQ 16 to 19 Prio
                                                            rity Register
    6 00000000         ; 16/32 Timer Registers
    7 00000000 40030000 
                       TIMER0_CFG
                               EQU              0x40030000
    8 00000000 40030004 
                       TIMER0_TAMR
                               EQU              0x40030004
    9 00000000 4003000C 
                       TIMER0_CTL
                               EQU              0x4003000C
   10 00000000 40030018 
                       TIMER0_IMR
                               EQU              0x40030018
   11 00000000 4003001C 
                       TIMER0_RIS
                               EQU              0x4003001C  ; Timer Interrupt S
                                                            tatus
   12 00000000 40030024 
                       TIMER0_ICR
                               EQU              0x40030024  ; Timer Interrupt C
                                                            lear
   13 00000000 40030028 
                       TIMER0_TAILR
                               EQU              0x40030028  ; Timer interval
   14 00000000 40030038 
                       TIMER0_TAPR
                               EQU              0x40030038
   15 00000000 40030048 
                       TIMER0_TAR
                               EQU              0x40030048  ; Timer register
   16 00000000 400043FC 
                       PORTA_DATA
                               EQU              0x400043FC
   17 00000000                 AREA             routines, CODE, READONLY
   18 00000000                 THUMB
   19 00000000                 EXTERN           TRANSMIT
   20 00000000                 EXPORT           Timer0A_Handler
   21 00000000                 EXPORT           TIMER_INIT
   22 00000000         
   23 00000000         
   24 00000000         Timer0A_Handler
                               PROC



ARM Macro Assembler    Page 2 


   25 00000000 B500            PUSH             {LR}
   26 00000002 49D8            LDR              R1,=TIMER0_ICR ; Clear the Flag
                                                            
   27 00000004 F04F 0001       MOV              R0,#0x01    ;
   28 00000008 6008            STR              R0,[R1]     ; Time Out Interrup
                                                            t clearead
   29 0000000A         
   30 0000000A F000 F85F       BL               CLEAR
   31 0000000E F1A7 0701       SUB              R7, #1
   32 00000012 2F14            CMP              R7, #20
   33 00000014 D030            BEQ              TWENTY
   34 00000016         
   35 00000016 F000 F8A1       BL               N1
   36 0000001A F04F 0500       MOV              R5, #0X0
   37 0000001E F7FF FFFE       BL               TRANSMIT
   38 00000022         
   39 00000022 2F13            CMP              R7, #19
   40 00000024 D031            BEQ              NINE
   41 00000026 2F12            CMP              R7, #18
   42 00000028 D032            BEQ              EIGHT
   43 0000002A 2F11            CMP              R7, #17
   44 0000002C D033            BEQ              SEVEN
   45 0000002E 2F10            CMP              R7, #16
   46 00000030 D034            BEQ              SIX
   47 00000032 2F0F            CMP              R7, #15
   48 00000034 D035            BEQ              FIVE
   49 00000036 2F0E            CMP              R7, #14
   50 00000038 D036            BEQ              FOUR
   51 0000003A 2F0D            CMP              R7, #13
   52 0000003C D037            BEQ              THREE
   53 0000003E 2F0C            CMP              R7, #12
   54 00000040 D038            BEQ              TWO
   55 00000042 2F0B            CMP              R7, #11
   56 00000044 D039            BEQ              ONE
   57 00000046 2F0A            CMP              R7, #10
   58 00000048 D03A            BEQ              ZERO
   59 0000004A F000 F83F       BL               CLEAR
   60 0000004E 2F09            CMP              R7, #9
   61 00000050 D01B            BEQ              NINE
   62 00000052 2F08            CMP              R7, #8
   63 00000054 D01C            BEQ              EIGHT
   64 00000056 2F07            CMP              R7, #7
   65 00000058 D01D            BEQ              SEVEN
   66 0000005A 2F06            CMP              R7, #6
   67 0000005C D01E            BEQ              SIX
   68 0000005E 2F05            CMP              R7, #5
   69 00000060 D01F            BEQ              FIVE
   70 00000062 2F04            CMP              R7, #4
   71 00000064 D020            BEQ              FOUR
   72 00000066 2F03            CMP              R7, #3
   73 00000068 D021            BEQ              THREE
   74 0000006A 2F02            CMP              R7, #2
   75 0000006C D022            BEQ              TWO
   76 0000006E 2F01            CMP              R7, #1
   77 00000070 D023            BEQ              ONE
   78 00000072 2F00            CMP              R7, #0
   79 00000074 D024            BEQ              ZERO
   80 00000076 E026            B                FINISH
   81 00000078         



ARM Macro Assembler    Page 3 


   82 00000078         TWENTY
   83 00000078 F000 F888       BL               N2
   84 0000007C F04F 0500       MOV              R5, #0X0
   85 00000080 F7FF FFFE       BL               TRANSMIT
   86 00000084 F000 F852       BL               N0
   87 00000088 E01D            B                FINISH
   88 0000008A F000 F927 
                       NINE    BL               N9
   89 0000008E E01A            B                FINISH
   90 00000090 F000 F90C 
                       EIGHT   BL               N8
   91 00000094 E017            B                FINISH
   92 00000096 F000 F8F1 
                       SEVEN   BL               N7
   93 0000009A E014            B                FINISH
   94 0000009C F000 F8D6 
                       SIX     BL               N6
   95 000000A0 E011            B                FINISH
   96 000000A2 F000 F8BB 
                       FIVE    BL               N5
   97 000000A6 E00E            B                FINISH
   98 000000A8 F000 F8A0 
                       FOUR    BL               N4
   99 000000AC E00B            B                FINISH
  100 000000AE F000 F885 
                       THREE   BL               N3
  101 000000B2 E008            B                FINISH
  102 000000B4 F000 F86A 
                       TWO     BL               N2
  103 000000B8 E005            B                FINISH
  104 000000BA F000 F84F 
                       ONE     BL               N1
  105 000000BE E002            B                FINISH
  106 000000C0 F000 F834 
                       ZERO    BL               N0
  107 000000C4 E7FF            B                FINISH
  108 000000C6 F85D EB04 
                       FINISH  POP              {LR}
  109 000000CA 4770            BX               LR
  110 000000CC         
  111 000000CC         ;;;;;;;;;;;;;;;;;;;;;;;;;;;;;;;;;;;;;;;;;;;
  112 000000CC         ;;;;; CLEAR 14X8 BOX BEGINNING
  113 000000CC         ;;;;;;;;;;;;;;;;;;;;;;;;;;;;;;;;;;;;;;;;;;;
  114 000000CC B500    CLEAR   PUSH             {LR}
  115 000000CE 49A6            LDR              R1,=PORTA_DATA
  116 000000D0 6808            LDR              R0,[R1]
  117 000000D2 F020 0040       BIC              R0,#0x40
  118 000000D6 6008            STR              R0,[R1]
  119 000000D8         
  120 000000D8 F04F 05C7       MOV              R5, #0xC7
  121 000000DC F7FF FFFE       BL               TRANSMIT
  122 000000E0 F04F 0540       MOV              R5, #0X40
  123 000000E4 F7FF FFFE       BL               TRANSMIT
  124 000000E8         
  125 000000E8 499F            LDR              R1,=PORTA_DATA
  126 000000EA 6808            LDR              R0,[R1]
  127 000000EC F040 0040       ORR              R0,#0x40
  128 000000F0 6008            STR              R0,[R1]
  129 000000F2         



ARM Macro Assembler    Page 4 


  130 000000F2         
  131 000000F2 F04F 040B       MOV              R4, #11
  132 000000F6 F04F 0500 
                       LOOP    MOV              R5, #0X0    ;CLEAR NUMBER PLACE
                                                            
  133 000000FA F7FF FFFE       BL               TRANSMIT
  134 000000FE 3C01            SUBS             R4, #1
  135 00000100 D1F9            BNE              LOOP
  136 00000102         
  137 00000102 4999            LDR              R1,=PORTA_DATA
  138 00000104 6808            LDR              R0,[R1]
  139 00000106 F020 0040       BIC              R0,#0x40
  140 0000010A 6008            STR              R0,[R1]
  141 0000010C         
  142 0000010C F04F 05C7       MOV              R5, #0xC7
  143 00000110 F7FF FFFE       BL               TRANSMIT
  144 00000114 F04F 0540       MOV              R5, #0X40
  145 00000118 F7FF FFFE       BL               TRANSMIT
  146 0000011C         
  147 0000011C 4992            LDR              R1,=PORTA_DATA
  148 0000011E 6808            LDR              R0,[R1]
  149 00000120 F040 0040       ORR              R0,#0x40
  150 00000124 6008            STR              R0,[R1]
  151 00000126 F85D EB04       POP              {LR}
  152 0000012A 4770            BX               LR
  153 0000012C         ;;;;;;;;;;;;;;;;;;;;;;;;;;;;;;;;;;;;;;;;;;;
  154 0000012C         ;;;;; CLEAR 14X8 BOX FINISH
  155 0000012C         ;;;;;;;;;;;;;;;;;;;;;;;;;;;;;;;;;;;;;;;;;;;
  156 0000012C         ;;;;;;;;;;;;;;;;;;;;;;;;;;;;;;;;;;;;;;;;;;;
  157 0000012C         ;;;;; NUMBERS 0-9 BEGINNING
  158 0000012C         ;;;;;;;;;;;;;;;;;;;;;;;;;;;;;;;;;;;;;;;;;;;
  159 0000012C B500    N0      PUSH             {LR}
  160 0000012E F04F 053E       MOV              R5, #0X3E
  161 00000132 F7FF FFFE       BL               TRANSMIT
  162 00000136 F04F 0551       MOV              R5, #0X51
  163 0000013A F7FF FFFE       BL               TRANSMIT
  164 0000013E F04F 0549       MOV              R5, #0X49
  165 00000142 F7FF FFFE       BL               TRANSMIT
  166 00000146 F04F 0545       MOV              R5, #0X45
  167 0000014A F7FF FFFE       BL               TRANSMIT
  168 0000014E F04F 053E       MOV              R5, #0X3E
  169 00000152 F7FF FFFE       BL               TRANSMIT
  170 00000156 F85D EB04       POP              {LR}
  171 0000015A 4770            BX               LR
  172 0000015C         
  173 0000015C B500    N1      PUSH             {LR}
  174 0000015E F04F 0500       MOV              R5, #0X0
  175 00000162 F7FF FFFE       BL               TRANSMIT
  176 00000166 F04F 0542       MOV              R5, #0X42
  177 0000016A F7FF FFFE       BL               TRANSMIT
  178 0000016E F04F 057F       MOV              R5, #0X7F
  179 00000172 F7FF FFFE       BL               TRANSMIT
  180 00000176 F04F 0540       MOV              R5, #0X40
  181 0000017A F7FF FFFE       BL               TRANSMIT
  182 0000017E F04F 0500       MOV              R5, #0X0
  183 00000182 F7FF FFFE       BL               TRANSMIT
  184 00000186 F85D EB04       POP              {LR}
  185 0000018A 4770            BX               LR
  186 0000018C         



ARM Macro Assembler    Page 5 


  187 0000018C B500    N2      PUSH             {LR}
  188 0000018E F04F 0542       MOV              R5, #0X42
  189 00000192 F7FF FFFE       BL               TRANSMIT
  190 00000196 F04F 0561       MOV              R5, #0X61
  191 0000019A F7FF FFFE       BL               TRANSMIT
  192 0000019E F04F 0551       MOV              R5, #0X51
  193 000001A2 F7FF FFFE       BL               TRANSMIT
  194 000001A6 F04F 0549       MOV              R5, #0X49
  195 000001AA F7FF FFFE       BL               TRANSMIT
  196 000001AE F04F 0546       MOV              R5, #0X46
  197 000001B2 F7FF FFFE       BL               TRANSMIT
  198 000001B6 F85D EB04       POP              {LR}
  199 000001BA 4770            BX               LR
  200 000001BC         
  201 000001BC B500    N3      PUSH             {LR}
  202 000001BE F04F 0521       MOV              R5, #0X21
  203 000001C2 F7FF FFFE       BL               TRANSMIT
  204 000001C6 F04F 0541       MOV              R5, #0X41
  205 000001CA F7FF FFFE       BL               TRANSMIT
  206 000001CE F04F 0545       MOV              R5, #0X45
  207 000001D2 F7FF FFFE       BL               TRANSMIT
  208 000001D6 F04F 054B       MOV              R5, #0X4B
  209 000001DA F7FF FFFE       BL               TRANSMIT
  210 000001DE F04F 0531       MOV              R5, #0X31
  211 000001E2 F7FF FFFE       BL               TRANSMIT
  212 000001E6 F85D EB04       POP              {LR}
  213 000001EA 4770            BX               LR
  214 000001EC         
  215 000001EC B500    N4      PUSH             {LR}
  216 000001EE F04F 0518       MOV              R5, #0X18
  217 000001F2 F7FF FFFE       BL               TRANSMIT
  218 000001F6 F04F 0514       MOV              R5, #0X14
  219 000001FA F7FF FFFE       BL               TRANSMIT
  220 000001FE F04F 0512       MOV              R5, #0X12
  221 00000202 F7FF FFFE       BL               TRANSMIT
  222 00000206 F04F 057F       MOV              R5, #0X7F
  223 0000020A F7FF FFFE       BL               TRANSMIT
  224 0000020E F04F 0510       MOV              R5, #0X10
  225 00000212 F7FF FFFE       BL               TRANSMIT
  226 00000216 F85D EB04       POP              {LR}
  227 0000021A 4770            BX               LR
  228 0000021C         
  229 0000021C B500    N5      PUSH             {LR}
  230 0000021E F04F 0527       MOV              R5, #0X27
  231 00000222 F7FF FFFE       BL               TRANSMIT
  232 00000226 F04F 0545       MOV              R5, #0X45
  233 0000022A F7FF FFFE       BL               TRANSMIT
  234 0000022E F04F 0545       MOV              R5, #0X45
  235 00000232 F7FF FFFE       BL               TRANSMIT
  236 00000236 F04F 0545       MOV              R5, #0X45
  237 0000023A F7FF FFFE       BL               TRANSMIT
  238 0000023E F04F 0539       MOV              R5, #0X39
  239 00000242 F7FF FFFE       BL               TRANSMIT
  240 00000246 F85D EB04       POP              {LR}
  241 0000024A 4770            BX               LR
  242 0000024C         
  243 0000024C B500    N6      PUSH             {LR}
  244 0000024E F04F 053C       MOV              R5, #0X3C
  245 00000252 F7FF FFFE       BL               TRANSMIT



ARM Macro Assembler    Page 6 


  246 00000256 F04F 054A       MOV              R5, #0X4A
  247 0000025A F7FF FFFE       BL               TRANSMIT
  248 0000025E F04F 0549       MOV              R5, #0X49
  249 00000262 F7FF FFFE       BL               TRANSMIT
  250 00000266 F04F 0549       MOV              R5, #0X49
  251 0000026A F7FF FFFE       BL               TRANSMIT
  252 0000026E F04F 0530       MOV              R5, #0X30
  253 00000272 F7FF FFFE       BL               TRANSMIT
  254 00000276 F85D EB04       POP              {LR}
  255 0000027A 4770            BX               LR
  256 0000027C         
  257 0000027C B500    N7      PUSH             {LR}
  258 0000027E F04F 0501       MOV              R5, #0X1
  259 00000282 F7FF FFFE       BL               TRANSMIT
  260 00000286 F04F 0571       MOV              R5, #0X71
  261 0000028A F7FF FFFE       BL               TRANSMIT
  262 0000028E F04F 0509       MOV              R5, #0X9
  263 00000292 F7FF FFFE       BL               TRANSMIT
  264 00000296 F04F 0505       MOV              R5, #0X5
  265 0000029A F7FF FFFE       BL               TRANSMIT
  266 0000029E F04F 0503       MOV              R5, #0X3
  267 000002A2 F7FF FFFE       BL               TRANSMIT
  268 000002A6 F85D EB04       POP              {LR}
  269 000002AA 4770            BX               LR
  270 000002AC         
  271 000002AC B500    N8      PUSH             {LR}
  272 000002AE F04F 0536       MOV              R5, #0X36
  273 000002B2 F7FF FFFE       BL               TRANSMIT
  274 000002B6 F04F 0549       MOV              R5, #0X49
  275 000002BA F7FF FFFE       BL               TRANSMIT
  276 000002BE F04F 0549       MOV              R5, #0X49
  277 000002C2 F7FF FFFE       BL               TRANSMIT
  278 000002C6 F04F 0549       MOV              R5, #0X49
  279 000002CA F7FF FFFE       BL               TRANSMIT
  280 000002CE F04F 0536       MOV              R5, #0X36
  281 000002D2 F7FF FFFE       BL               TRANSMIT
  282 000002D6 F85D EB04       POP              {LR}
  283 000002DA 4770            BX               LR
  284 000002DC         
  285 000002DC B500    N9      PUSH             {LR}
  286 000002DE F04F 0506       MOV              R5, #0X6
  287 000002E2 F7FF FFFE       BL               TRANSMIT
  288 000002E6 F04F 0549       MOV              R5, #0X49
  289 000002EA F7FF FFFE       BL               TRANSMIT
  290 000002EE F04F 0549       MOV              R5, #0X49
  291 000002F2 F7FF FFFE       BL               TRANSMIT
  292 000002F6 F04F 0529       MOV              R5, #0X29
  293 000002FA F7FF FFFE       BL               TRANSMIT
  294 000002FE F04F 051E       MOV              R5, #0X1E
  295 00000302 F7FF FFFE       BL               TRANSMIT
  296 00000306 F85D EB04       POP              {LR}
  297 0000030A 4770            BX               LR
  298 0000030C         ;;;;;;;;;;;;;;;;;;;;;;;;;;;;;;;;;;;;;;;;;;;
  299 0000030C         ;;;;; NUMBERS 0-9 FINISH
  300 0000030C         ;;;;;;;;;;;;;;;;;;;;;;;;;;;;;;;;;;;;;;;;;;;   
  301 0000030C                 ENDP
  302 0000030C         ;;;;;;;;;;;;;;;;;;;;;;;;;;;;;;;;;;;;;;;;;;;
  303 0000030C         ;;;;; TIMER INITIALIZE
  304 0000030C         ;;;;;;;;;;;;;;;;;;;;;;;;;;;;;;;;;;;;;;;;;;;



ARM Macro Assembler    Page 7 


  305 0000030C         TIMER_INIT
                               PROC
  306 0000030C 4917            LDR              R1, =SYSCTL_RCGCTIMER 
                                                            ; Start Timer0
  307 0000030E 680A            LDR              R2, [R1]
  308 00000310 F042 0201       ORR              R2, R2, #0x01
  309 00000314 600A            STR              R2, [R1]
  310 00000316 BF00            NOP                          ; allow clock to se
                                                            ttle
  311 00000318 BF00            NOP
  312 0000031A BF00            NOP
  313 0000031C 4914            LDR              R1, =TIMER0_CTL ; disable timer
                                                             during setup LDR R
                                                            2, [R1]
  314 0000031E F022 0201       BIC              R2, R2, #0x01
  315 00000322 600A            STR              R2, [R1]
  316 00000324 4913            LDR              R1, =TIMER0_CFG 
                                                            ; set 32 bit mode
  317 00000326 F04F 0200       MOV              R2, #0x00
  318 0000032A 600A            STR              R2, [R1]
  319 0000032C 4912            LDR              R1, =TIMER0_TAMR
  320 0000032E F04F 0202       MOV              R2, #0x02   ; set to periodic, 
                                                            count down
  321 00000332 600A            STR              R2, [R1]
  322 00000334 4911            LDR              R1, =TIMER0_TAILR ; initialize 
                                                            match clocks
  323 00000336 4A12            LDR              R2, =15999999 ;1 SEC 
  324 00000338 600A            STR              R2, [R1]
  325 0000033A 4912            LDR              R1, =TIMER0_IMR ; enable timeou
                                                            t interrupt
  326 0000033C F04F 0201       MOV              R2, #0x01
  327 00000340 600A            STR              R2, [R1]
  328 00000342         ; Configure interrupt priorities
  329 00000342         ; Timer0A is interrupt #19.
  330 00000342         ; Interrupts 16-19 are handled by NVIC register PRI4.
  331 00000342         ; Interrupt 19 is controlled by bits 31:29 of PRI4.
  332 00000342         ; set NVIC interrupt 19 to priority 2
  333 00000342 4911            LDR              R1, =NVIC_PRI4
  334 00000344 680A            LDR              R2, [R1]
  335 00000346 F022 427F       AND              R2, R2, #0x00FFFFFF ; clear int
                                                            errupt 19 priority
  336 0000034A F042 4280       ORR              R2, R2, #0x40000000 ; set inter
                                                            rupt 19 priority to
                                                             2
  337 0000034E 600A            STR              R2, [R1]
  338 00000350         ; NVIC has to be enabled
  339 00000350         ; Interrupts 0-31 are handled by NVIC register EN0
  340 00000350         ; Interrupt 19 is controlled by bit 19
  341 00000350         ; enable interrupt 19 in NVIC
  342 00000350 490E            LDR              R1, =NVIC_EN0
  343 00000352 F2C0 0208       MOVT             R2, #0x08   ; set bit 19 to ena
                                                            ble interrupt 19
  344 00000356 600A            STR              R2, [R1]
  345 00000358         ; Enable timer
  346 00000358 4905            LDR              R1, =TIMER0_CTL
  347 0000035A 680A            LDR              R2, [R1]
  348 0000035C F042 0203       ORR              R2, R2, #0x03 ; set bit0 to ena
                                                            ble
  349 00000360 600A            STR              R2, [R1]    ; and bit 1 to stal



ARM Macro Assembler    Page 8 


                                                            l on debug   
  350 00000362         
  351 00000362 4770            BX               LR
  352 00000364                 ENDP
  353 00000364                 ALIGN
  354 00000364                 END
              40030024 
              400043FC 
              400FE604 
              4003000C 
              40030000 
              40030004 
              40030028 
              00F423FF 
              40030018 
              E000E410 
              E000E100 
Command Line: --debug --xref --diag_suppress=9931 --cpu=Cortex-M4.fp --apcs=int
erwork --depend=.\objects\timer_init.d -o.\objects\timer_init.o -I.\RTE\_Target
_1 -IC:\Keil_v5\ARM\PACK\Keil\TM4C_DFP\1.1.0\Device\Include\TM4C123 -IC:\Keil_v
5\ARM\CMSIS\Include --predefine="__EVAL SETA 1" --predefine="__UVISION_VERSION 
SETA 526" --predefine="TM4C123GH6PM SETA 1" --list=.\listings\timer_init.lst TI
MER_INIT.s



ARM Macro Assembler    Page 1 Alphabetic symbol ordering
Relocatable symbols

CLEAR 000000CC

Symbol: CLEAR
   Definitions
      At line 114 in file TIMER_INIT.s
   Uses
      At line 30 in file TIMER_INIT.s
      At line 59 in file TIMER_INIT.s

EIGHT 00000090

Symbol: EIGHT
   Definitions
      At line 90 in file TIMER_INIT.s
   Uses
      At line 42 in file TIMER_INIT.s
      At line 63 in file TIMER_INIT.s

FINISH 000000C6

Symbol: FINISH
   Definitions
      At line 108 in file TIMER_INIT.s
   Uses
      At line 80 in file TIMER_INIT.s
      At line 87 in file TIMER_INIT.s
      At line 89 in file TIMER_INIT.s
      At line 91 in file TIMER_INIT.s
      At line 93 in file TIMER_INIT.s
      At line 95 in file TIMER_INIT.s
      At line 97 in file TIMER_INIT.s
      At line 99 in file TIMER_INIT.s
      At line 101 in file TIMER_INIT.s
      At line 103 in file TIMER_INIT.s
      At line 105 in file TIMER_INIT.s
      At line 107 in file TIMER_INIT.s

FIVE 000000A2

Symbol: FIVE
   Definitions
      At line 96 in file TIMER_INIT.s
   Uses
      At line 48 in file TIMER_INIT.s
      At line 69 in file TIMER_INIT.s

FOUR 000000A8

Symbol: FOUR
   Definitions
      At line 98 in file TIMER_INIT.s
   Uses
      At line 50 in file TIMER_INIT.s
      At line 71 in file TIMER_INIT.s

LOOP 000000F6

Symbol: LOOP
   Definitions



ARM Macro Assembler    Page 2 Alphabetic symbol ordering
Relocatable symbols

      At line 132 in file TIMER_INIT.s
   Uses
      At line 135 in file TIMER_INIT.s
Comment: LOOP used once
N0 0000012C

Symbol: N0
   Definitions
      At line 159 in file TIMER_INIT.s
   Uses
      At line 86 in file TIMER_INIT.s
      At line 106 in file TIMER_INIT.s

N1 0000015C

Symbol: N1
   Definitions
      At line 173 in file TIMER_INIT.s
   Uses
      At line 35 in file TIMER_INIT.s
      At line 104 in file TIMER_INIT.s

N2 0000018C

Symbol: N2
   Definitions
      At line 187 in file TIMER_INIT.s
   Uses
      At line 83 in file TIMER_INIT.s
      At line 102 in file TIMER_INIT.s

N3 000001BC

Symbol: N3
   Definitions
      At line 201 in file TIMER_INIT.s
   Uses
      At line 100 in file TIMER_INIT.s
Comment: N3 used once
N4 000001EC

Symbol: N4
   Definitions
      At line 215 in file TIMER_INIT.s
   Uses
      At line 98 in file TIMER_INIT.s
Comment: N4 used once
N5 0000021C

Symbol: N5
   Definitions
      At line 229 in file TIMER_INIT.s
   Uses
      At line 96 in file TIMER_INIT.s
Comment: N5 used once
N6 0000024C

Symbol: N6
   Definitions



ARM Macro Assembler    Page 3 Alphabetic symbol ordering
Relocatable symbols

      At line 243 in file TIMER_INIT.s
   Uses
      At line 94 in file TIMER_INIT.s
Comment: N6 used once
N7 0000027C

Symbol: N7
   Definitions
      At line 257 in file TIMER_INIT.s
   Uses
      At line 92 in file TIMER_INIT.s
Comment: N7 used once
N8 000002AC

Symbol: N8
   Definitions
      At line 271 in file TIMER_INIT.s
   Uses
      At line 90 in file TIMER_INIT.s
Comment: N8 used once
N9 000002DC

Symbol: N9
   Definitions
      At line 285 in file TIMER_INIT.s
   Uses
      At line 88 in file TIMER_INIT.s
Comment: N9 used once
NINE 0000008A

Symbol: NINE
   Definitions
      At line 88 in file TIMER_INIT.s
   Uses
      At line 40 in file TIMER_INIT.s
      At line 61 in file TIMER_INIT.s

ONE 000000BA

Symbol: ONE
   Definitions
      At line 104 in file TIMER_INIT.s
   Uses
      At line 56 in file TIMER_INIT.s
      At line 77 in file TIMER_INIT.s

SEVEN 00000096

Symbol: SEVEN
   Definitions
      At line 92 in file TIMER_INIT.s
   Uses
      At line 44 in file TIMER_INIT.s
      At line 65 in file TIMER_INIT.s

SIX 0000009C

Symbol: SIX
   Definitions



ARM Macro Assembler    Page 4 Alphabetic symbol ordering
Relocatable symbols

      At line 94 in file TIMER_INIT.s
   Uses
      At line 46 in file TIMER_INIT.s
      At line 67 in file TIMER_INIT.s

THREE 000000AE

Symbol: THREE
   Definitions
      At line 100 in file TIMER_INIT.s
   Uses
      At line 52 in file TIMER_INIT.s
      At line 73 in file TIMER_INIT.s

TIMER_INIT 0000030C

Symbol: TIMER_INIT
   Definitions
      At line 305 in file TIMER_INIT.s
   Uses
      At line 21 in file TIMER_INIT.s
Comment: TIMER_INIT used once
TWENTY 00000078

Symbol: TWENTY
   Definitions
      At line 82 in file TIMER_INIT.s
   Uses
      At line 33 in file TIMER_INIT.s
Comment: TWENTY used once
TWO 000000B4

Symbol: TWO
   Definitions
      At line 102 in file TIMER_INIT.s
   Uses
      At line 54 in file TIMER_INIT.s
      At line 75 in file TIMER_INIT.s

Timer0A_Handler 00000000

Symbol: Timer0A_Handler
   Definitions
      At line 24 in file TIMER_INIT.s
   Uses
      At line 20 in file TIMER_INIT.s
Comment: Timer0A_Handler used once
ZERO 000000C0

Symbol: ZERO
   Definitions
      At line 106 in file TIMER_INIT.s
   Uses
      At line 58 in file TIMER_INIT.s
      At line 79 in file TIMER_INIT.s

routines 00000000

Symbol: routines



ARM Macro Assembler    Page 5 Alphabetic symbol ordering
Relocatable symbols

   Definitions
      At line 17 in file TIMER_INIT.s
   Uses
      None
Comment: routines unused
27 symbols



ARM Macro Assembler    Page 1 Alphabetic symbol ordering
Absolute symbols

NVIC_EN0 E000E100

Symbol: NVIC_EN0
   Definitions
      At line 4 in file TIMER_INIT.s
   Uses
      At line 342 in file TIMER_INIT.s
Comment: NVIC_EN0 used once
NVIC_EN0_INT19 00080000

Symbol: NVIC_EN0_INT19
   Definitions
      At line 3 in file TIMER_INIT.s
   Uses
      None
Comment: NVIC_EN0_INT19 unused
NVIC_PRI4 E000E410

Symbol: NVIC_PRI4
   Definitions
      At line 5 in file TIMER_INIT.s
   Uses
      At line 333 in file TIMER_INIT.s
Comment: NVIC_PRI4 used once
PORTA_DATA 400043FC

Symbol: PORTA_DATA
   Definitions
      At line 16 in file TIMER_INIT.s
   Uses
      At line 115 in file TIMER_INIT.s
      At line 125 in file TIMER_INIT.s
      At line 137 in file TIMER_INIT.s
      At line 147 in file TIMER_INIT.s

SYSCTL_RCGCTIMER 400FE604

Symbol: SYSCTL_RCGCTIMER
   Definitions
      At line 1 in file TIMER_INIT.s
   Uses
      At line 306 in file TIMER_INIT.s
Comment: SYSCTL_RCGCTIMER used once
TIMER0_CFG 40030000

Symbol: TIMER0_CFG
   Definitions
      At line 7 in file TIMER_INIT.s
   Uses
      At line 316 in file TIMER_INIT.s
Comment: TIMER0_CFG used once
TIMER0_CTL 4003000C

Symbol: TIMER0_CTL
   Definitions
      At line 9 in file TIMER_INIT.s
   Uses
      At line 313 in file TIMER_INIT.s
      At line 346 in file TIMER_INIT.s



ARM Macro Assembler    Page 2 Alphabetic symbol ordering
Absolute symbols


TIMER0_ICR 40030024

Symbol: TIMER0_ICR
   Definitions
      At line 12 in file TIMER_INIT.s
   Uses
      At line 26 in file TIMER_INIT.s
Comment: TIMER0_ICR used once
TIMER0_IMR 40030018

Symbol: TIMER0_IMR
   Definitions
      At line 10 in file TIMER_INIT.s
   Uses
      At line 325 in file TIMER_INIT.s
Comment: TIMER0_IMR used once
TIMER0_RIS 4003001C

Symbol: TIMER0_RIS
   Definitions
      At line 11 in file TIMER_INIT.s
   Uses
      None
Comment: TIMER0_RIS unused
TIMER0_TAILR 40030028

Symbol: TIMER0_TAILR
   Definitions
      At line 13 in file TIMER_INIT.s
   Uses
      At line 322 in file TIMER_INIT.s
Comment: TIMER0_TAILR used once
TIMER0_TAMR 40030004

Symbol: TIMER0_TAMR
   Definitions
      At line 8 in file TIMER_INIT.s
   Uses
      At line 319 in file TIMER_INIT.s
Comment: TIMER0_TAMR used once
TIMER0_TAPR 40030038

Symbol: TIMER0_TAPR
   Definitions
      At line 14 in file TIMER_INIT.s
   Uses
      None
Comment: TIMER0_TAPR unused
TIMER0_TAR 40030048

Symbol: TIMER0_TAR
   Definitions
      At line 15 in file TIMER_INIT.s
   Uses
      None
Comment: TIMER0_TAR unused
14 symbols



ARM Macro Assembler    Page 1 Alphabetic symbol ordering
External symbols

TRANSMIT 00000000

Symbol: TRANSMIT
   Definitions
      At line 19 in file TIMER_INIT.s
   Uses
      At line 37 in file TIMER_INIT.s
      At line 85 in file TIMER_INIT.s
      At line 121 in file TIMER_INIT.s
      At line 123 in file TIMER_INIT.s
      At line 133 in file TIMER_INIT.s
      At line 143 in file TIMER_INIT.s
      At line 145 in file TIMER_INIT.s
      At line 161 in file TIMER_INIT.s
      At line 163 in file TIMER_INIT.s
      At line 165 in file TIMER_INIT.s
      At line 167 in file TIMER_INIT.s
      At line 169 in file TIMER_INIT.s
      At line 175 in file TIMER_INIT.s
      At line 177 in file TIMER_INIT.s
      At line 179 in file TIMER_INIT.s
      At line 181 in file TIMER_INIT.s
      At line 183 in file TIMER_INIT.s
      At line 189 in file TIMER_INIT.s
      At line 191 in file TIMER_INIT.s
      At line 193 in file TIMER_INIT.s
      At line 195 in file TIMER_INIT.s
      At line 197 in file TIMER_INIT.s
      At line 203 in file TIMER_INIT.s
      At line 205 in file TIMER_INIT.s
      At line 207 in file TIMER_INIT.s
      At line 209 in file TIMER_INIT.s
      At line 211 in file TIMER_INIT.s
      At line 217 in file TIMER_INIT.s
      At line 219 in file TIMER_INIT.s
      At line 221 in file TIMER_INIT.s
      At line 223 in file TIMER_INIT.s
      At line 225 in file TIMER_INIT.s
      At line 231 in file TIMER_INIT.s
      At line 233 in file TIMER_INIT.s
      At line 235 in file TIMER_INIT.s
      At line 237 in file TIMER_INIT.s
      At line 239 in file TIMER_INIT.s
      At line 245 in file TIMER_INIT.s
      At line 247 in file TIMER_INIT.s
      At line 249 in file TIMER_INIT.s
      At line 251 in file TIMER_INIT.s
      At line 253 in file TIMER_INIT.s
      At line 259 in file TIMER_INIT.s
      At line 261 in file TIMER_INIT.s
      At line 263 in file TIMER_INIT.s
      At line 265 in file TIMER_INIT.s
      At line 267 in file TIMER_INIT.s
      At line 273 in file TIMER_INIT.s
      At line 275 in file TIMER_INIT.s
      At line 277 in file TIMER_INIT.s
      At line 279 in file TIMER_INIT.s
      At line 281 in file TIMER_INIT.s
      At line 287 in file TIMER_INIT.s



ARM Macro Assembler    Page 2 Alphabetic symbol ordering
External symbols

      At line 289 in file TIMER_INIT.s
      At line 291 in file TIMER_INIT.s
      At line 293 in file TIMER_INIT.s
      At line 295 in file TIMER_INIT.s

1 symbol
378 symbols in table
